\BOOKMARK [0][-]{chapter.1}{\376\377\000A\000c\000r\000\363\000n\000i\000m\000o\000s}{}% 1
\BOOKMARK [0][-]{chapter.2}{\376\377\000I\000n\000t\000r\000o\000d\000u\000c\000c\000i\000\363\000n}{}% 2
\BOOKMARK [1][-]{section.2.1}{\376\377\000C\000o\000n\000t\000e\000x\000t\000o}{chapter.2}% 3
\BOOKMARK [1][-]{section.2.2}{\376\377\000M\000o\000t\000i\000v\000a\000c\000i\000\363\000n}{chapter.2}% 4
\BOOKMARK [1][-]{section.2.3}{\376\377\000E\000s\000t\000a\000d\000o\000\040\000d\000e\000\040\000l\000a\000\040\000c\000u\000e\000s\000t\000i\000\363\000n}{chapter.2}% 5
\BOOKMARK [2][-]{subsection.2.3.1}{\376\377\000A\000p\000l\000i\000c\000a\000c\000i\000o\000n\000e\000s\000\040\000a\000c\000t\000u\000a\000l\000e\000s\000\040\000d\000e\000\040\000S\000e\000m\000a\000n\000a\000\040\000S\000a\000n\000t\000a}{section.2.3}% 6
\BOOKMARK [2][-]{subsection.2.3.2}{\376\377\000A\000p\000l\000i\000c\000a\000c\000i\000o\000n\000e\000s\000\040\000d\000e\000\040\000s\000e\000g\000u\000i\000m\000i\000e\000n\000t\000o\000\040\000e\000n\000\040\000t\000i\000e\000m\000p\000o\000\040\000r\000e\000a\000l}{section.2.3}% 7
\BOOKMARK [1][-]{section.2.4}{\376\377\000O\000b\000j\000e\000t\000i\000v\000o\000s}{chapter.2}% 8
\BOOKMARK [1][-]{section.2.5}{\376\377\000E\000s\000t\000r\000u\000c\000t\000u\000r\000a\000\040\000d\000e\000\040\000l\000a\000\040\000m\000e\000m\000o\000r\000i\000a}{chapter.2}% 9
\BOOKMARK [0][-]{chapter.3}{\376\377\000P\000l\000a\000n\000i\000f\000i\000c\000a\000c\000i\000\363\000n}{}% 10
\BOOKMARK [1][-]{section.3.1}{\376\377\000M\000e\000t\000o\000d\000o\000l\000o\000g\000\355\000a}{chapter.3}% 11
\BOOKMARK [1][-]{section.3.2}{\376\377\000P\000l\000a\000n\000i\000f\000i\000c\000a\000c\000i\000\363\000n\000,\000\040\000F\000a\000s\000e\000s\000\040\000e\000\040\000i\000t\000e\000r\000a\000c\000i\000o\000n\000e\000s}{chapter.3}% 12
\BOOKMARK [2][-]{subsection.3.2.1}{\376\377\000P\000l\000a\000n\000i\000f\000i\000c\000a\000c\000i\000\363\000n\000\040\000i\000n\000i\000c\000i\000a\000l}{section.3.2}% 13
\BOOKMARK [2][-]{subsection.3.2.2}{\376\377\000F\000a\000s\000e\000\040\000d\000e\000\040\000a\000n\000\341\000l\000i\000s\000i\000s}{section.3.2}% 14
\BOOKMARK [2][-]{subsection.3.2.3}{\376\377\000F\000a\000s\000e\000\040\000d\000e\000\040\000i\000t\000e\000r\000a\000c\000i\000o\000n\000e\000s}{section.3.2}% 15
\BOOKMARK [2][-]{subsection.3.2.4}{\376\377\000F\000a\000s\000e\000\040\000f\000i\000n\000a\000l\000:\000\040\000d\000o\000c\000u\000m\000e\000n\000t\000a\000c\000i\000\363\000n\000\040\000y\000\040\000e\000n\000t\000r\000e\000g\000a}{section.3.2}% 16
\BOOKMARK [1][-]{section.3.3}{\376\377\000A\000n\000\341\000l\000i\000s\000i\000s\000\040\000d\000e\000\040\000r\000i\000e\000s\000g\000o\000s}{chapter.3}% 17
\BOOKMARK [2][-]{subsection.3.3.1}{\376\377\000P\000l\000a\000n\000i\000f\000i\000c\000a\000c\000i\000\363\000n\000\040\000d\000e\000\040\000r\000i\000e\000s\000g\000o}{section.3.3}% 18
\BOOKMARK [1][-]{section.3.4}{\376\377\000E\000s\000t\000i\000m\000a\000c\000i\000\363\000n\000\040\000d\000e\000\040\000c\000o\000s\000t\000e\000s}{chapter.3}% 19
\BOOKMARK [2][-]{subsection.3.4.1}{\376\377\000C\000o\000s\000t\000e\000s\000\040\000d\000e\000\040\000p\000e\000r\000s\000o\000n\000a\000l}{section.3.4}% 20
\BOOKMARK [2][-]{subsection.3.4.2}{\376\377\000C\000o\000s\000t\000e\000s\000\040\000d\000e\000\040\000e\000q\000u\000i\000p\000o\000\040\000y\000\040\000a\000m\000o\000r\000t\000i\000z\000a\000c\000i\000\363\000n}{section.3.4}% 21
\BOOKMARK [2][-]{subsection.3.4.3}{\376\377\000C\000o\000s\000t\000e\000s\000\040\000d\000e\000\040\000l\000i\000c\000e\000n\000c\000i\000a\000s\000\040\000d\000e\000\040\000s\000o\000f\000t\000w\000a\000r\000e}{section.3.4}% 22
\BOOKMARK [2][-]{subsection.3.4.4}{\376\377\000O\000t\000r\000o\000s\000\040\000c\000o\000s\000t\000e\000s\000\040\000i\000n\000d\000i\000r\000e\000c\000t\000o\000s}{section.3.4}% 23
\BOOKMARK [2][-]{subsection.3.4.5}{\376\377\000C\000o\000s\000t\000e\000\040\000t\000o\000t\000a\000l}{section.3.4}% 24
\BOOKMARK [1][-]{section.3.5}{\376\377\000S\000e\000g\000u\000i\000m\000i\000e\000n\000t\000o\000\040\000d\000e\000l\000\040\000p\000r\000o\000y\000e\000c\000t\000o}{chapter.3}% 25
\BOOKMARK [0][-]{chapter.4}{\376\377\000A\000n\000\341\000l\000i\000s\000i\000s}{}% 26
\BOOKMARK [1][-]{section.4.1}{\376\377\000A\000c\000t\000o\000r\000e\000s\000\040\000d\000e\000l\000\040\000s\000i\000s\000t\000e\000m\000a}{chapter.4}% 27
\BOOKMARK [2][-]{subsection.4.1.1}{\376\377\000C\000i\000u\000d\000a\000d\000a\000n\000o}{section.4.1}% 28
\BOOKMARK [2][-]{subsection.4.1.2}{\376\377\000C\000o\000f\000r\000a\000d\000e}{section.4.1}% 29
\BOOKMARK [2][-]{subsection.4.1.3}{\376\377\000J\000u\000n\000t\000a\000\040\000d\000e\000\040\000C\000o\000f\000r\000a\000d\000\355\000a\000s}{section.4.1}% 30
\BOOKMARK [2][-]{subsection.4.1.4}{\376\377\000A\000d\000m\000i\000n\000i\000s\000t\000r\000a\000d\000o\000r}{section.4.1}% 31
\BOOKMARK [1][-]{section.4.2}{\376\377\000R\000e\000q\000u\000i\000s\000i\000t\000o\000s}{chapter.4}% 32
\BOOKMARK [2][-]{subsection.4.2.1}{\376\377\000R\000e\000q\000u\000i\000s\000i\000t\000o\000s\000\040\000f\000u\000n\000c\000i\000o\000n\000a\000l\000e\000s}{section.4.2}% 33
\BOOKMARK [2][-]{subsection.4.2.2}{\376\377\000R\000e\000q\000u\000i\000s\000i\000t\000o\000s\000\040\000d\000e\000\040\000i\000n\000f\000o\000r\000m\000a\000c\000i\000\363\000n}{section.4.2}% 34
\BOOKMARK [2][-]{subsection.4.2.3}{\376\377\000R\000e\000q\000u\000i\000s\000i\000t\000o\000s\000\040\000n\000o\000\040\000f\000u\000n\000c\000i\000o\000n\000a\000l\000e\000s}{section.4.2}% 35
\BOOKMARK [1][-]{section.4.3}{\376\377\000C\000a\000s\000o\000s\000\040\000d\000e\000\040\000u\000s\000o}{chapter.4}% 36
\BOOKMARK [1][-]{section.4.4}{\376\377\000M\000o\000d\000e\000l\000o\000\040\000d\000e\000\040\000d\000o\000m\000i\000n\000i\000o}{chapter.4}% 37
\BOOKMARK [2][-]{subsection.4.4.1}{\376\377\000M\000o\000d\000e\000l\000o\000\040\000d\000e\000\040\000i\000n\000t\000e\000r\000a\000c\000c\000i\000\363\000n}{section.4.4}% 38
\BOOKMARK [0][-]{chapter.5}{\376\377\000D\000e\000s\000c\000r\000i\000p\000c\000i\000\363\000n\000\040\000d\000e\000\040\000l\000a\000s\000\040\000i\000t\000e\000r\000a\000c\000i\000o\000n\000e\000s}{}% 39
\BOOKMARK [1][-]{section.5.1}{\376\377\0001\000\252\000\040\000I\000t\000e\000r\000a\000c\000i\000\363\000n}{chapter.5}% 40
\BOOKMARK [2][-]{subsection.5.1.1}{\376\377\000A\000n\000a\000l\000i\000s\000\355\000s}{section.5.1}% 41
\BOOKMARK [2][-]{subsection.5.1.2}{\376\377\000D\000i\000s\000e\000\361\000o}{section.5.1}% 42
\BOOKMARK [2][-]{subsection.5.1.3}{\376\377\000I\000m\000p\000l\000e\000m\000e\000n\000t\000a\000c\000i\000o\000n}{section.5.1}% 43
\BOOKMARK [2][-]{subsection.5.1.4}{\376\377\000P\000r\000u\000e\000b\000a\000s}{section.5.1}% 44
\BOOKMARK [1][-]{section.5.2}{\376\377\0002\000\252\000\040\000I\000t\000e\000r\000a\000c\000i\000\363\000n}{chapter.5}% 45
\BOOKMARK [2][-]{subsection.5.2.1}{\376\377\000A\000n\000a\000l\000i\000s\000\355\000s}{section.5.2}% 46
\BOOKMARK [2][-]{subsection.5.2.2}{\376\377\000D\000i\000s\000e\000\361\000o}{section.5.2}% 47
\BOOKMARK [2][-]{subsection.5.2.3}{\376\377\000I\000m\000p\000l\000e\000m\000e\000n\000t\000a\000c\000i\000o\000n}{section.5.2}% 48
\BOOKMARK [2][-]{subsection.5.2.4}{\376\377\000P\000r\000u\000e\000b\000a\000s}{section.5.2}% 49
\BOOKMARK [1][-]{section.5.3}{\376\377\0003\000\252\000\040\000I\000t\000e\000r\000a\000c\000i\000\363\000n}{chapter.5}% 50
\BOOKMARK [2][-]{subsection.5.3.1}{\376\377\000A\000n\000a\000l\000i\000s\000\355\000s}{section.5.3}% 51
\BOOKMARK [2][-]{subsection.5.3.2}{\376\377\000D\000i\000s\000e\000\361\000o}{section.5.3}% 52
\BOOKMARK [2][-]{subsection.5.3.3}{\376\377\000I\000m\000p\000l\000e\000m\000e\000n\000t\000a\000c\000i\000o\000n}{section.5.3}% 53
\BOOKMARK [2][-]{subsection.5.3.4}{\376\377\000P\000r\000u\000e\000b\000a\000s}{section.5.3}% 54
\BOOKMARK [1][-]{section.5.4}{\376\377\0004\000\252\000\040\000I\000t\000e\000r\000a\000c\000i\000\363\000n}{chapter.5}% 55
\BOOKMARK [2][-]{subsection.5.4.1}{\376\377\000A\000n\000a\000l\000i\000s\000\355\000s}{section.5.4}% 56
\BOOKMARK [2][-]{subsection.5.4.2}{\376\377\000D\000i\000s\000e\000\361\000o}{section.5.4}% 57
\BOOKMARK [2][-]{subsection.5.4.3}{\376\377\000I\000m\000p\000l\000e\000m\000e\000n\000t\000a\000c\000i\000o\000n}{section.5.4}% 58
\BOOKMARK [2][-]{subsection.5.4.4}{\376\377\000P\000r\000u\000e\000b\000a\000s}{section.5.4}% 59
\BOOKMARK [1][-]{section.5.5}{\376\377\0005\000\252\000\040\000I\000t\000e\000r\000a\000c\000i\000\363\000n}{chapter.5}% 60
\BOOKMARK [2][-]{subsection.5.5.1}{\376\377\000A\000n\000a\000l\000i\000s\000\355\000s}{section.5.5}% 61
\BOOKMARK [2][-]{subsection.5.5.2}{\376\377\000D\000i\000s\000e\000\361\000o}{section.5.5}% 62
\BOOKMARK [2][-]{subsection.5.5.3}{\376\377\000I\000m\000p\000l\000e\000m\000e\000n\000t\000a\000c\000i\000o\000n}{section.5.5}% 63
\BOOKMARK [2][-]{subsection.5.5.4}{\376\377\000P\000r\000u\000e\000b\000a\000s}{section.5.5}% 64
\BOOKMARK [0][-]{chapter.6}{\376\377\000E\000s\000t\000a\000d\000o\000\040\000f\000i\000n\000a\000l\000\040\000d\000e\000\040\000l\000a\000\040\000a\000p\000l\000i\000c\000a\000c\000i\000\363\000n}{}% 65
\BOOKMARK [1][-]{subsection.6.0.1}{\376\377\000H\000i\000s\000t\000o\000r\000i\000a\000s\000\040\000d\000e\000\040\000u\000s\000u\000a\000r\000i\000o}{chapter.6}% 66
\BOOKMARK [0][-]{chapter.7}{\376\377\000P\000r\000u\000e\000b\000a\000s}{}% 67
\BOOKMARK [0][-]{chapter.8}{\376\377\000C\000o\000n\000c\000l\000u\000s\000i\000o\000n\000e\000s}{}% 68
\BOOKMARK [1][-]{section.8.1}{\376\377\000T\000r\000a\000b\000a\000j\000o\000\040\000f\000u\000t\000u\000r\000o}{chapter.8}% 69
\BOOKMARK [1][-]{section.8.2}{\376\377\000P\000u\000n\000t\000o\000s\000\040\000d\000\351\000b\000i\000l\000e\000s}{chapter.8}% 70
\BOOKMARK [-1][-]{part*.83}{\376\377\000B\000i\000b\000l\000i\000o\000g\000r\000a\000f\000\355\000a}{}% 71
\BOOKMARK [-1][-]{part*.85}{\376\377\000A\000n\000e\000x\000o\000s}{}% 72
\BOOKMARK [0][-]{appendix.Alph1}{\376\377\000C\000a\000s\000o\000s\000\040\000d\000e\000\040\000u\000s\000o\000\040\000a\000d\000i\000c\000i\000o\000n\000a\000l\000e\000s}{part*.85}% 73
\BOOKMARK [0][-]{appendix.Alph2}{\376\377\000E\000s\000q\000u\000e\000m\000a\000\040\000d\000e\000\040\000l\000a\000\040\000b\000a\000s\000e\000\040\000d\000e\000\040\000d\000a\000t\000o\000s}{part*.85}% 74
\BOOKMARK [1][-]{section.Alph2.1}{\376\377\000C\000i\000u\000d\000a\000d\000\040\000\050\000c\000i\000u\000d\000a\000d\000e\000s\000\051}{appendix.Alph2}% 75
\BOOKMARK [1][-]{section.Alph2.2}{\376\377\000J\000u\000n\000t\000a\000\040\000d\000e\000\040\000C\000o\000f\000r\000a\000d\000\355\000a\000s\000\040\000\050\000j\000u\000n\000t\000a\000s\000\137\000c\000o\000f\000r\000a\000d\000i\000a\000s\000\051}{appendix.Alph2}% 76
\BOOKMARK [1][-]{section.Alph2.3}{\376\377\000C\000o\000f\000r\000a\000d\000\355\000a\000\040\000/\000\040\000H\000e\000r\000m\000a\000n\000d\000a\000d\000\040\000\050\000c\000o\000f\000r\000a\000d\000i\000a\000s\000\051}{appendix.Alph2}% 77
\BOOKMARK [1][-]{section.Alph2.4}{\376\377\000P\000a\000s\000o\000\040\000\050\000p\000a\000s\000o\000s\000\051}{appendix.Alph2}% 78
\BOOKMARK [2][-]{subsection.Alph2.4.1}{\376\377\000P\000a\000s\000o\000-\000P\000r\000o\000c\000e\000s\000i\000\363\000n\000\040\000\050\000p\000a\000s\000o\000s\000\137\000p\000r\000o\000c\000e\000s\000i\000o\000n\000e\000s\000\051\000\040\040\024\000\040\000t\000a\000b\000l\000a\000\040\000i\000n\000t\000e\000r\000m\000e\000d\000i\000a\000\040\000N\000:\000M}{section.Alph2.4}% 79
\BOOKMARK [1][-]{section.Alph2.5}{\376\377\000C\000\363\000d\000i\000g\000o\000\040\000d\000e\000\040\000A\000c\000c\000e\000s\000o\000\040\000\050\000c\000o\000d\000i\000g\000o\000s\000\137\000a\000c\000c\000e\000s\000o\000\051}{appendix.Alph2}% 80
\BOOKMARK [1][-]{section.Alph2.6}{\376\377\000U\000b\000i\000c\000a\000c\000i\000\363\000n\000\040\000\050\000u\000b\000i\000c\000a\000c\000i\000o\000n\000e\000s\000\051}{appendix.Alph2}% 81
\BOOKMARK [1][-]{section.Alph2.7}{\376\377\000E\000v\000e\000n\000t\000o\000\040\000\050\000e\000v\000e\000n\000t\000o\000s\000\051}{appendix.Alph2}% 82
\BOOKMARK [2][-]{subsection.Alph2.7.1}{\376\377\000E\000v\000e\000n\000t\000o\000-\000C\000o\000f\000r\000a\000d\000\355\000a\000\040\000\050\000e\000v\000e\000n\000t\000o\000s\000\137\000c\000o\000f\000r\000a\000d\000i\000a\000s\000\051\000\040\040\024\000\040\000t\000a\000b\000l\000a\000\040\000i\000n\000t\000e\000r\000m\000e\000d\000i\000a\000\040\000N\000:\000M}{section.Alph2.7}% 83
\BOOKMARK [1][-]{section.Alph2.8}{\376\377\000P\000r\000o\000c\000e\000s\000i\000\363\000n\000\040\000\050\000p\000r\000o\000c\000e\000s\000i\000o\000n\000e\000s\000\051}{appendix.Alph2}% 84
\BOOKMARK [2][-]{subsection.Alph2.8.1}{\376\377\000P\000o\000s\000i\000c\000i\000o\000n\000e\000s\000\040\000a\000c\000t\000u\000a\000l\000e\000s\000\040\000\050\000p\000o\000s\000i\000c\000i\000o\000n\000e\000s\000\137\000a\000c\000t\000u\000a\000l\000e\000s\000\051\000\040\040\024\000\040\000h\000i\000s\000t\000\363\000r\000i\000c\000o\000\040\000d\000e\000\040\000p\000i\000n\000g\000s\000\040\000a\000n\000\363\000n\000i\000m\000o\000s}{section.Alph2.8}% 85
\BOOKMARK [1][-]{section.Alph2.9}{\376\377\000R\000e\000c\000o\000r\000r\000i\000d\000o\000\040\000\050\000r\000e\000c\000o\000r\000r\000i\000d\000o\000s\000\051}{appendix.Alph2}% 86
\BOOKMARK [2][-]{subsection.Alph2.9.1}{\376\377\000P\000u\000n\000t\000o\000\040\000d\000e\000\040\000R\000u\000t\000a\000\040\000\050\000p\000u\000n\000t\000o\000s\000\137\000r\000u\000t\000a\000\051}{section.Alph2.9}% 87
\BOOKMARK [2][-]{subsection.Alph2.9.2}{\376\377\000P\000u\000n\000t\000o\000\040\000d\000e\000\040\000I\000n\000t\000e\000r\000\351\000s\000\040\000\050\000p\000u\000n\000t\000o\000s\000\137\000d\000e\000\137\000i\000n\000t\000e\000r\000e\000s\000\051}{section.Alph2.9}% 88
\BOOKMARK [2][-]{subsection.Alph2.9.3}{\376\377\000R\000e\000c\000o\000r\000r\000i\000d\000o\000-\000P\000u\000n\000t\000o\000\040\000d\000e\000\040\000R\000u\000t\000a\000\040\000\050\000r\000e\000c\000o\000r\000r\000i\000d\000o\000\137\000p\000u\000n\000t\000o\000s\000\137\000r\000u\000t\000a\000\051\000\040\040\024\000\040\000t\000a\000b\000l\000a\000\040\000i\000n\000t\000e\000r\000m\000e\000d\000i\000a\000\040\000N\000:\000M}{section.Alph2.9}% 89
\BOOKMARK [1][-]{section.Alph2.10}{\376\377\000U\000s\000u\000a\000r\000i\000o\000\040\000\050\000u\000s\000u\000a\000r\000i\000o\000s\000\051}{appendix.Alph2}% 90
\BOOKMARK [2][-]{subsection.Alph2.10.1}{\376\377\000M\000i\000e\000m\000b\000r\000o\000\040\000d\000e\000\040\000J\000u\000n\000t\000a\000\040\000d\000e\000\040\000C\000o\000f\000r\000a\000d\000\355\000a\000s\000\040\000\050\000m\000i\000e\000m\000b\000r\000o\000s\000\137\000j\000u\000n\000t\000a\000\137\000c\000o\000f\000r\000a\000d\000i\000a\000\051}{section.Alph2.10}% 91
\BOOKMARK [2][-]{subsection.Alph2.10.2}{\376\377\000A\000d\000m\000i\000n\000i\000s\000t\000r\000a\000d\000o\000r\000\040\000\050\000a\000d\000m\000i\000n\000i\000s\000t\000r\000a\000d\000o\000r\000e\000s\000\051}{section.Alph2.10}% 92
\BOOKMARK [1][-]{section.Alph2.11}{\376\377\000N\000o\000t\000i\000f\000i\000c\000a\000c\000i\000\363\000n\000\040\000\050\000n\000o\000t\000i\000f\000i\000c\000a\000c\000i\000o\000n\000e\000s\000\051}{appendix.Alph2}% 93
\BOOKMARK [1][-]{section.Alph2.12}{\376\377\000R\000e\000l\000a\000c\000i\000o\000n\000e\000s\000\040\000e\000n\000t\000r\000e\000\040\000t\000a\000b\000l\000a\000s}{appendix.Alph2}% 94
\BOOKMARK [0][-]{appendix.Alph3}{\376\377\000M\000a\000n\000u\000a\000l\000\040\000d\000e\000\040\000d\000e\000s\000p\000l\000i\000e\000g\000u\000e}{part*.85}% 95
\BOOKMARK [1][-]{section.Alph3.1}{\376\377\000R\000e\000q\000u\000i\000s\000i\000t\000o\000s\000\040\000p\000r\000e\000v\000i\000o\000s}{appendix.Alph3}% 96
\BOOKMARK [1][-]{section.Alph3.2}{\376\377\000D\000e\000s\000p\000l\000i\000e\000g\000u\000e\000\040\000d\000e\000l\000\040\000b\000a\000c\000k\000e\000n\000d\000\040\000e\000n\000\040\000R\000a\000i\000l\000w\000a\000y}{appendix.Alph3}% 97
\BOOKMARK [1][-]{section.Alph3.3}{\376\377\000D\000o\000c\000u\000m\000e\000n\000t\000a\000c\000i\000\363\000n\000\040\000d\000e\000\040\000l\000a\000\040\000A\000P\000I}{appendix.Alph3}% 98
\BOOKMARK [1][-]{section.Alph3.4}{\376\377\000C\000o\000n\000f\000i\000g\000u\000r\000a\000c\000i\000\363\000n\000\040\000d\000e\000l\000\040\000c\000l\000i\000e\000n\000t\000e\000\040\000R\000e\000a\000c\000t\000\040\000N\000a\000t\000i\000v\000e}{appendix.Alph3}% 99
\BOOKMARK [1][-]{section.Alph3.5}{\376\377\000G\000e\000n\000e\000r\000a\000c\000i\000\363\000n\000\040\000d\000e\000l\000\040\000e\000j\000e\000c\000u\000t\000a\000b\000l\000e\000\040\000d\000e\000\040\000l\000a\000\040\000a\000p\000l\000i\000c\000a\000c\000i\000\363\000n\000\040\000m\000\363\000v\000i\000l}{appendix.Alph3}% 100
\BOOKMARK [0][-]{appendix.Alph4}{\376\377\000M\000a\000n\000u\000a\000l\000\040\000d\000e\000\040\000u\000s\000o}{part*.85}% 101
\BOOKMARK [0][-]{appendix.Alph5}{\376\377\000C\000o\000n\000t\000e\000n\000i\000d\000o\000\040\000d\000e\000l\000\040\000T\000F\000G}{part*.85}% 102
